{
  "Action": "created",
  "Repo": {
    "ID": "1296269",
    "Namespace": "octocat",
    "Name": "Hello-World",
    "Perm": null,
    "Branch": "master",
    "Archived": false,
    "Private": false,
    "Visibility": 1,
    "Clone": "https://github.com/octocat/Hello-World.git",
    "CloneSSH": "git@github.com:octocat/Hello-World.git",
    "Link": "https://github.com/octocat/Hello-World",
    "Created": "0001-01-01T00:00:00Z",
    "Updated": "0001-01-01T00:00:00Z"
  },
  "PullRequest": {
    "Number": 1,
    "Title": "new-feature",
    "Body": "Please pull these awesome changes",
    "Sha": "6dcb09b5b57875f334f61aebed695e2e4193db5e",
    "Ref": "refs/pull/1/head",
    "Source": "new-topic",
    "Target": "master",
    "Fork": "octocat/Hello-World",
    "Link": "https://github.com/octocat/Hello-World/pull/1",
    "Diff": "https://github.com/octocat/Hello-World/pull/1.diff",
    "Draft": false,
    "Closed": false,
    "Merged": true,
    "Merge": "",
    "Base": {
      "Name": "master",
      "Path": "refs/heads/master",
      "Sha": "6dcb09b5b57875f334f61aebed695e2e4193db5e"
    },
    "Head": {
      "Name": "new-topic",
      "Path": "refs/heads/new-topic",
      "Sha": "6dcb09b5b57875f334f61aebed695e2e4193db5e"
    },
    "Author": {
      "ID": "",
      "Login": "octocat",
      "Name": "",
      "Email": "",
      "Avatar": "https://github.com/images/error/octocat_happy.gif",
      "Created": "0001-01-01T00:00:00Z",
      "Updated": "0001-01-01T00:00:00Z"
    },
    "Created": "2011-01-26T19:01:12Z",
    "Updated": "2011-01-26T19:14:43Z",
    "Labels": [
      {
        "Name": "bug",
        "Color": "f29513"
      }
    ]
  },
  "Review": {
    "ID": 80,
    "Body": "Here is the body for the review.",
    "Path": "",
    "Sha": "ecdd80bb57125d7ba9641ffaa4d7d2c19d3f3091",
    "Line": 0,
    "Link": "https://github.com/octocat/Hello-World/pull/12#pullrequestreview-80",
    "Author": {
      "ID": "",
      "Login": "octocat",
      "Name": "",
      "Email": "",
      "Avatar": "https://github.com/images/error/octocat_happy.gif",
      "Created": "0001-01-01T00:00:00Z",
      "Updated": "0001-01-01T00:00:00Z"
    },
    "Created": "2011-01-26T19:01:12Z",
    "Updated": "0001-01-01T00:00:00Z"
  },
  "Sender": {
    "ID": "",
    "Login": "octocat",
    "Name": "",
    "Email": "",
    "Avatar": "https://github.com/images/error/octocat_happy.gif",
    "Created": "0001-01-01T00:00:00Z",
    "Updated": "0001-01-01T00:00:00Z"
  }
}